// Jest Snapshot v1, https://goo.gl/fbAQLP

exports[`matches snapshot 1`] = `
<DocumentFragment>
  <div>
    <h2>
      Starbucks
    </h2>
    <p>
      We brew coffee.
    </p>
  </div>
</DocumentFragment>
`;
